2025-05-16 17:04:36,820 - Минута 1
Team Spirit получает преимущество на миду! Счёт: 0 - 0
Team Spirit получает преимущество на топе! Счёт: 1 - 0
Team Spirit получает преимущество на боте! Счёт: 3 - 0
Минута 2
Минута 3
Aurora получает преимущество на миду! Счёт: 3 - 3
Минута 4
Team Spirit получает преимущество на топе! Счёт: 3 - 3
Team Spirit получает преимущество на боте! Счёт: 5 - 3
Минута 5
Team Spirit получает преимущество на миду! Счёт: 5 - 5
Минута 6
Минута 7
Aurora получает преимущество на миду! Счёт: 6 - 6
Aurora получает преимущество на топе! Счёт: 6 - 6
Aurora получает преимущество на боте! Счёт: 6 - 8
Минута 8
Минута 9
Aurora получает преимущество на миду! Счёт: 8 - 9
Минута 10
Team Spirit получает преимущество на топе! Счёт: 8 - 9
Aurora получает преимущество на боте! Счёт: 10 - 9
Минута 11
Aurora получает преимущество на миду! Счёт: 12 - 10
Минута 12
Результаты ранней игры:
Токены команды Team Spirit: 12
Токены команды Aurora: 10
Мидгейм начался
Team Spirit выигрывает тимфайт! Счёт: 16 - 10
Team Spirit выигрывает тимфайт! Счёт: 20 - 10
Team Spirit выигрывает тимфайт! Счёт: 24 - 10
Результаты мидгейма:
Токены команды Team Spirit: 24
Токены команды Aurora: 10
30-я минута.
Team Spirit выиграла тик! Team Spirit забрала Рошана.
Счёт: 32 - 10
35-я минута.
Aurora выиграла тик! Aurora убила кора противника без байбека.
Счёт: 32 - 18
40-я минута.
Team Spirit выиграла тик! Team Spirit сломала бараки.
Счёт: 40 - 18
45-я минута.
Team Spirit выиграла тик! Team Spirit забрала Рошана.
Счёт: 48 - 18
Игра закончена! Победила команда: Team Spirit со счётом 48.
Список команд:
Team Spirit, Xtreme Gaming, Team Falcons, Team Liquid, Gaming Gladiators, Cloud 9, Tundra Esports, BB Team, 1w Team, Team Zero, G2 IG, Talon Esports, Aurora, nouns, Heroic, Beastcoast

Группы:
Группа 1: Talon Esports, Gaming Gladiators, Team Spirit, G2 IG
Группа 2: Aurora, Cloud 9, Tundra Esports, Heroic
Группа 3: Team Liquid, nouns, 1w Team, Beastcoast
Группа 4: Xtreme Gaming, Team Zero, Team Falcons, BB Team
nРезультаты тура 1:
nМатчи в Группа 1:
Игра закончена! Победила команда: G2 IG со счётом 51.
Talon Esports : G2 IG - Победитель: G2 IG
Минута 1
Gaming Gladiators получает преимущество на миду! Счёт: 0 - 0
Team Spirit получает преимущество на топе! Счёт: 1 - 0
Team Spirit получает преимущество на боте! Счёт: 1 - 2
Минута 2
Минута 3
Gaming Gladiators получает преимущество на миду! Счёт: 3 - 2
Минута 4
Gaming Gladiators получает преимущество на топе! Счёт: 4 - 2
Team Spirit получает преимущество на боте! Счёт: 6 - 2
Минута 5
Gaming Gladiators получает преимущество на миду! Счёт: 8 - 2
Минута 6
Минута 7
Team Spirit получает преимущество на миду! Счёт: 9 - 3
Gaming Gladiators получает преимущество на топе! Счёт: 9 - 3
Team Spirit получает преимущество на боте! Счёт: 11 - 3
Минута 8
Минута 9
Gaming Gladiators получает преимущество на миду! Счёт: 13 - 3
Минута 10
Team Spirit получает преимущество на топе! Счёт: 14 - 3
Team Spirit получает преимущество на боте! Счёт: 14 - 5
Минута 11
Gaming Gladiators получает преимущество на миду! Счёт: 16 - 5
Минута 12
Результаты ранней игры:
Токены команды Gaming Gladiators: 17
Токены команды Team Spirit: 5
Мидгейм начался
Gaming Gladiators выигрывает тимфайт! Счёт: 21 - 5
Gaming Gladiators выигрывает тимфайт! Счёт: 25 - 5
Игра закончена! Победила команда: Gaming Gladiators со счётом 25.
Gaming Gladiators : Team Spirit - Победитель: Gaming Gladiators
nМатчи в Группа 2:
Игра закончена! Победила команда: Aurora со счётом 37.
Aurora : Heroic - Победитель: Aurora
Игра закончена! Победила команда: Cloud 9 со счётом 41.
Cloud 9 : Tundra Esports - Победитель: Cloud 9
nМатчи в Группа 3:
Игра закончена! Победила команда: Team Liquid со счётом 40.
Team Liquid : Beastcoast - Победитель: Team Liquid
Игра закончена! Победила команда: nouns со счётом 35.
nouns : 1w Team - Победитель: nouns
nМатчи в Группа 4:
Игра закончена! Победила команда: Team Falcons со счётом 48.
Team Falcons : BB Team - Победитель: Team Falcons
Игра закончена! Победила команда: Xtreme Gaming со счётом 50.
Xtreme Gaming : Team Zero - Победитель: Xtreme Gaming
nТаблицы после текущего тура:
nГруппа 1:
2025-05-16 17:04:36,820 - Traceback (most recent call last):
  File "/home/vlad/Dev/dota_manager/manager/logic/tournaments/formats.py", line 213, in <module>
    tournament.print_tournament_info()
  File "/home/vlad/Dev/dota_manager/manager/logic/tournaments/formats.py", line 111, in print_tournament_info
    self.play_round(round_number)
  File "/home/vlad/Dev/dota_manager/manager/logic/tournaments/formats.py", line 87, in play_round
    for team, points in table.items():
                        ^^^^^^^^^^^
AttributeError: 'list' object has no attribute 'items'
